note: ROOT/tests/ui/typeck/contract_storage_size_check.sol:B requires a maximum of 2 storage slots
  --> ROOT/tests/ui/typeck/contract_storage_size_check.sol:LL:CC
   |
LL | contract B {
   |          ^

note: ROOT/tests/ui/typeck/contract_storage_size_check.sol:A requires a maximum of 77 storage slots
  --> ROOT/tests/ui/typeck/contract_storage_size_check.sol:LL:CC
   |
LL | contract A {
   |          ^

note: ROOT/tests/ui/typeck/contract_storage_size_check.sol:M requires a maximum of 8 storage slots
  --> ROOT/tests/ui/typeck/contract_storage_size_check.sol:LL:CC
   |
LL | contract M {
   |          ^

note: ROOT/tests/ui/typeck/contract_storage_size_check.sol:Random requires a maximum of 38 storage slots
  --> ROOT/tests/ui/typeck/contract_storage_size_check.sol:LL:CC
   |
LL | contract Random {
   |          ^^^^^^

