note: ROOT/tests/ui/typeck/contract_storage_illegal_size.sol:AlmostIllegal requires a maximum of 115792089237316195423570985008687907853269984665640564039457584007913129639935 storage slots
  --> ROOT/tests/ui/typeck/contract_storage_illegal_size.sol:LL:CC
   |
LL | contract AlmostIllegal {
   |          ^^^^^^^^^^^^^

error: contract requires too much storage
  --> ROOT/tests/ui/typeck/contract_storage_illegal_size.sol:LL:CC
   |
LL | contract Illegal {
   |          ^^^^^^^

error: aborting due to 1 previous error; 1 note emitted

