error[9914]: function overload clash during conversion to external types for arguments
  --> ROOT/tests/ui/typeck/external_type_clashes.sol:LL:CC
   |
LL |     function f(S1 memory a) external {}
   |     ^^^^^^^^^^^^^^^^^^^^^^^^^^^^^^^^^^^
LL |
LL |
LL |     function f(S2 memory a) external {}
   |     ----------------------------------- help: other declaration is here
   |

error[9914]: function overload clash during conversion to external types for arguments
  --> ROOT/tests/ui/typeck/external_type_clashes.sol:LL:CC
   |
LL |     function f(a) public {}
   |     ----------------------- help: other declaration is here
LL |
...
LL | contract D is C {
LL |     function f(uint8 a) public {}
   |     ^^^^^^^^^^^^^^^^^^^^^^^^^^^^^
   |

error[9914]: function overload clash during conversion to external types for arguments
  --> ROOT/tests/ui/typeck/external_type_clashes.sol:LL:CC
   |
LL |     function c(address) public pure {}
   |     ^^^^^^^^^^^^^^^^^^^^^^^^^^^^^^^^^^
LL |
LL |     
LL |     function c(address payable) public pure {}
   |     ------------------------------------------ help: other declaration is here
   |

error[9914]: function overload clash during conversion to external types for arguments
  --> ROOT/tests/ui/typeck/external_type_clashes.sol:LL:CC
   |
LL |     function f(address) external pure {}
   |     ^^^^^^^^^^^^^^^^^^^^^^^^^^^^^^^^^^^^
LL |
LL |     
LL |     function f(address payable) external pure {}
   |     -------------------------------------------- help: other declaration is here
   |

error[9914]: function overload clash during conversion to external types for arguments
  --> ROOT/tests/ui/typeck/external_type_clashes.sol:LL:CC
   |
LL |     function f(MyAddress a) external {}
   |     ^^^^^^^^^^^^^^^^^^^^^^^^^^^^^^^^^^^
LL |
LL |
LL |     function f(address a) external {}
   |     --------------------------------- help: other declaration is here
   |

error[9914]: function overload clash during conversion to external types for arguments
  --> ROOT/tests/ui/typeck/external_type_clashes.sol:LL:CC
   |
LL |     function g(MyAddress a) external {}
   |     ----------------------------------- help: other declaration is here
LL |
...
LL | contract H is G {
LL |     function g(I a) external {}
   |     ^^^^^^^^^^^^^^^^^^^^^^^^^^^
   |

error: aborting due to 6 previous errors

