error: base contracts already specified
  --> ROOT/tests/ui/parser/already_specified.sol:LL:CC
   |
LL |     is A
   |        - previous definition
LL |     is B
   |        ^

error: storage layout already specified
  --> ROOT/tests/ui/parser/already_specified.sol:LL:CC
   |
LL |     layout at 0
   |     ----------- previous definition
LL |     layout at 1
   |     ^^^^^^^^^^^

error: visibility already specified
  --> ROOT/tests/ui/parser/already_specified.sol:LL:CC
   |
LL |     public
   |     ------ previous definition
LL |     private
   |     ^^^^^^^

error: state mutability already specified
  --> ROOT/tests/ui/parser/already_specified.sol:LL:CC
   |
LL |     view
   |     ---- previous definition
LL |     pure
   |     ^^^^

error: virtual already specified
  --> ROOT/tests/ui/parser/already_specified.sol:LL:CC
   |
LL |     virtual
   |     ------- previous definition
LL |     virtual
   |     ^^^^^^^

error: override already specified
  --> ROOT/tests/ui/parser/already_specified.sol:LL:CC
   |
LL |     override
   |     -------- previous definition
LL |     override
   |     ^^^^^^^^

error: visibility already specified
  --> ROOT/tests/ui/parser/already_specified.sol:LL:CC
   |
LL |     private
   |     ^^^^^^^

error: mutability already specified
  --> ROOT/tests/ui/parser/already_specified.sol:LL:CC
   |
LL |     immutable
   |     ^^^^^^^^^

error: `virtual` is not allowed here
  --> ROOT/tests/ui/parser/already_specified.sol:LL:CC
   |
LL |     virtual
   |     ^^^^^^^

error: override already specified
  --> ROOT/tests/ui/parser/already_specified.sol:LL:CC
   |
LL |     override
   |     ^^^^^^^^

error: aborting due to 10 previous errors

