warning: unused import: `U`
  --> ROOT/tests/ui/imports/used_imports.sol:LL:CC
   |
LL | import {Helper, Utils as U} from "./auxiliary/Helpers.sol";
   | -----------------------------------------------------------
   |

warning: unused function: `test`
  --> ROOT/tests/ui/imports/used_imports.sol:LL:CC
   |
LL | /     function test() public {
LL | |         Library.libFunc();
...  |
LL | |         AllHelpers.AllHelper1.help1();
LL | |     }
   | |_____-
   |

