error: file doesnotexist.sol not found

error: aborting due to 1 previous error

